// Jest Snapshot v1, https://goo.gl/fbAQLP

exports[`Test on <Loading /> this test should make a snapshot with <Loading /> correctly 1`] = `
<section
  className="d-flex justify-content-center align-items-center min-vh-100 bg-primary"
>
  <div
    className="lds-ring"
  >
    <div />
    <div />
    <div />
    <div />
  </div>
</section>
`;
